
检查mysql安装情况
1.rpm -qa |grep -i mysql 

2.删除原系统中mysql
    方法1: rpm -e  ***
    方法2: yum -y remove mysql-libs-5.1.73-5.el6_6.x86_64
卸载时出现：error: Failed dependencies:
可以使用：--nodeps 参数
    # rpm -e mysql-community-client-5.6.31-2.el6.x86_64 --nodeps


3.安装mysql主要构件
    yum -y install MySQL-server-5.6.32-1.linux_glibc2.5.x86_64.rpm
    注意观察,生成随机密码：
    日志中：A random root password has been set. You will find it in '/root/.mysql_secret'.
4.启动mysql 
[root@localdomain mysql]# /etc/init.d/mysql start
Starting MySQL...... ERROR! The server quit without updating PID file (/var/lib/mysql/localdomain.pid).

查看：localdomain.err 
     [ERROR] InnoDB: auto-extending data file ./ibdata1 is of a different size 640 pages (.....
解决方法：rm ibdata1  ib_logfile0  ib_logfile1 
启动成功
# /etc/init.d/mysql start
Starting MySQL... SUCCESS! 

5.安装mysql客户端
    yum -y install MySQL-client-5.6.32-1.linux_glibc2.5.x86_64.rpm

6.查看已安装程序：
[root@localdomain mysql]# rpm -qa |grep -i mysql

7.登录： mysql -u root -h localhost -p 
输入密码：****

创建数据库：
create database b2c;
grant all privileges on b2c.* to pursuit identified by "123456";


8.给远程用户登录权限
mysql> GRANT ALL PRIVILEGES ON *.* TO 'pursuit'@'%' IDENTIFIED BY '123456' WITH GRANT OPTION;
Query OK, 0 rows affected (0.04 sec)


mysql> GRANT ALL PRIVILEGES ON *.* TO 'root'@'%' IDENTIFIED BY '123456' WITH GRANT OPTION;
Query OK, 0 rows affected (0.00 sec)



9.修改密码：
mysqladmin -u root -p password "123456"
后续：忘记密码，找回密码

10.root用户无法登陆：
[root@localhost mysql]# /usr/bin/mysql -u root -p  
Enter password:   
ERROR 1045 (28000): Access denied for user 'root'@'localhost' (using password: NO)  

解决办法：
    1.停止MySQL  
      [root@localhost mysql]# service mysql stop
    2.启动MySQL安全模式
      [root@localhost mysql]# mysqld_safe --user=mysql --skip-grant-tables --skip-networking &
      mysql -u root mysql
    3.更改root密码
mysql> UPDATE user SET Password=PASSWORD('sa') where USER='root';  
Query OK, 4 rows affected (0.01 sec)  
Rows matched: 4  Changed: 4  Warnings: 0  
   
mysql> flush privileges;  
Query OK, 0 rows affected (0.00 sec)  

mysql> quit  
Bye  

